src/lib/ai.ts(12,5): error TS2353: Object literal may only specify known properties, and 'compatibility' does not exist in type 'OpenAIProviderSettings'.
src/lib/parsers.ts(1,8): error TS1192: Module '"C:/projects/cv/node_modules/pdf-parse/dist/pdf-parse/esm/index"' has no default export.
